---
source: crates/stepflow-main/tests/test_run.rs
description: case 0
expression: result
info:
  mode: error
input_file: crates/stepflow-main/tests/flows/error_fail.yaml
---
- context: Failed to execute flow
  attachments: []
  sources:
    - context: "step \"error\" failed with error FlowError { code: 8, message: \"error\", data: None }"
      attachments: []
      sources: []
