---
source: crates/stepflow-main/tests/commands/test_test.rs
info:
  program: stepflow
  args:
    - "--log-file=/dev/null"
    - "--omit-stack-trace"
    - test
    - "--config=tests/builtins/stepflow-config.yml"
    - tests/builtins
---
success: true
exit_code: 0
----- stdout -----
----------
Running Test Case test complex data structure
----------
Running Test Case test nested object structure
tests/builtins/blob_test.yaml: 2/2 passed
----------
Running Test Case test nested flow execution
tests/builtins/nested_eval.yaml: 1/1 passed
tests/builtins/blob_test.yaml: 2/2 passed
tests/builtins/nested_eval.yaml: 1/1 passed

=== Test Summary ===
Files tested: 2
Total test cases: 3
Passed: 3
Failed: 0

----- stderr -----
