---
source: crates/stepflow-main/tests/commands/test_run.rs
info:
  program: stepflow
  args:
    - "--log-file=/dev/null"
    - "--omit-stack-trace"
    - run
    - "--flow=tests/mock/basic.yaml"
    - "--input=tests/mock/input.json"
---
success: true
exit_code: 0
----- stdout -----
{"outcome":"success","result":{"name":"b","x":1,"y":2}}
----- stderr -----
