---
source: crates/stepflow-main/tests/commands/test_visualize.rs
info:
  program: stepflow
  args:
    - "--log-file=/dev/null"
    - "--omit-stack-trace"
    - visualize
    - "--flow=tests/mock/basic.yaml"
    - "--output=basic_output.xyz"
    - "--format=xyz"
---
success: false
exit_code: 2
----- stdout -----

----- stderr -----
error: invalid value 'xyz' for '--format <FORMAT>': Invalid output format: xyz. Valid formats: dot, svg, png

For more information, try '--help'.
