---
source: crates/stepflow-main/tests/commands/test_run.rs
info:
  program: stepflow
  args:
    - "--log-file=/dev/null"
    - "--omit-stack-trace"
    - run
    - "--flow=tests/mock/basic.yaml"
    - "--input=examples/eval/input.json"
---
success: true
exit_code: 0
----- stdout -----
{"outcome":"failed","error":{"code":500,"message":"Flow execution failed: failed to resolve value"}}
----- stderr -----
