---
source: crates/stepflow-main/tests/commands/test_run.rs
info:
  program: stepflow
  args:
    - "--log-file=/dev/null"
    - "--omit-stack-trace"
    - run
    - "--flow=tests/builtins/blob_test.yaml"
    - "--config=tests/builtins/stepflow-config.yml"
    - "--input-json={\"data\": \"hello\"}"
---
success: true
exit_code: 0
----- stdout -----
{"outcome":"success","result":{"blob_id":"5aa762ae383fbb727af3c7a36d4940a5b8c40a989452d2304fc958ff3f354e7a","retrieved_data":"hello"}}
----- stderr -----
