---
source: crates/stepflow-cli/tests/commands/test_visualize.rs
info:
  program: stepflow
  args:
    - "--log-file=/dev/null"
    - "--omit-stack-trace"
    - visualize
    - "--flow=tests/mock/basic.yaml"
    - "--output=/var/folders/0v/lmpzpmsn4kn8ty1hrz0xr7h00000gn/T/stepflow_test_basic_output.png"
    - "--format=png"
  env:
    STEPFLOW_LOG_DESTINATION: ""
    STEPFLOW_LOG_FILE: ""
    STEPFLOW_LOG_FORMAT: ""
    STEPFLOW_LOG_LEVEL: ""
    STEPFLOW_OTHER_LOG_LEVEL: ""
    STEPFLOW_OTLP_ENDPOINT: ""
    STEPFLOW_TRACE_ENABLED: ""
---
success: true
exit_code: 0
----- stdout -----

----- stderr -----
✅ Visualization generated: [TEMP_DIR]/stepflow_test_basic_output.png
