---
source: crates/stepflow-cli/tests/commands/test_visualize.rs
info:
  program: stepflow
  args:
    - "--log-file=/dev/null"
    - "--omit-stack-trace"
    - visualize
    - tests/mock/conditional_skip.yaml
    - "--format=dot"
  env:
    STEPFLOW_LOG_DESTINATION: ""
    STEPFLOW_LOG_FILE: ""
    STEPFLOW_LOG_FORMAT: ""
    STEPFLOW_LOG_LEVEL: ""
    STEPFLOW_OTHER_LOG_LEVEL: ""
    STEPFLOW_OTLP_ENDPOINT: ""
    STEPFLOW_TRACE_ENABLED: ""
---
success: true
exit_code: 0
----- stdout -----
digraph workflow {
  rankdir=TB;
  node [shape=box, style=filled];
  edge [fontsize=10];

  "workflow_input" [
    label="📥 Workflow Input",
    fillcolor="lightblue",
    shape=ellipse,
    tooltip="Workflow: Unnamed\\nInput Schema: Available",
  ];

  "conditional_step" [
    label="🔧 conditional_step\n📦 /mock/one_output\n🖥️ mock",
    fillcolor="lightcoral",
    tooltip="Step: conditional_step\\nComponent: /mock/one_output\\nSkip Condition: Present",
  ];
  "dependent_step" [
    label="🔧 dependent_step\n📦 /mock/handle_skip\n🖥️ mock",
    fillcolor="lightcoral",
    tooltip="Step: dependent_step\\nComponent: /mock/handle_skip",
  ];
  "workflow_output" [
    label="📤 Workflow Output",
    fillcolor="lightgreen",
    shape=ellipse,
    tooltip="Workflow: Unnamed\\nOutput Schema: Available",
  ];

  "workflow_input" -> "conditional_step" [
    label="input",
  ];
  "workflow_input" -> "conditional_step" [
    style="dotted",
    label="skipIf",
  ];
  "expr_0" [
    label="$coalesce",
    shape=diamond,
    fillcolor="lightcyan",
  ];

  "conditional_step" -> "expr_0" [
    label="0",
  ];

  "expr_0" -> "dependent_step" [
    label="input",
  ];
  "dependent_step" -> "workflow_output" [
    label="dependentResult",
  ];
}


----- stderr -----
