---
source: crates/stepflow-cli/tests/commands/test_run.rs
info:
  program: stepflow
  args:
    - "--log-file=/dev/null"
    - "--omit-stack-trace"
    - run
    - "--flow=tests/mock/basic.yaml"
    - "--input-json={\"name\": \"hello\"}"
  env:
    STEPFLOW_LOG_DESTINATION: ""
    STEPFLOW_LOG_FILE: ""
    STEPFLOW_LOG_FORMAT: ""
    STEPFLOW_LOG_LEVEL: ""
    STEPFLOW_OTHER_LOG_LEVEL: ""
    STEPFLOW_OTLP_ENDPOINT: ""
    STEPFLOW_TRACE_ENABLED: ""
---
success: true
exit_code: 0
----- stdout -----
📊 Validation results: 0 fatal, 0 errors, 7 warnings

⚠️  Warnings:
  WARN Workflow has no name defined ($.name)
  WARN Workflow has no description defined ($.description)
  WARN Field access '$.name' on step 'workflow_input' cannot be validated: no input schema available ($.steps[0].input.input)
  WARN Field access '$.output' on step 'step1' cannot be validated: no output schema available ($.steps[1].input.input)
  WARN Field access '$.output' on step 'step1' cannot be validated: no output schema available ($.output.name)
  WARN Field access '$.x' on step 'step2' cannot be validated: no output schema available ($.output.x)
  WARN Field access '$.y' on step 'step2' cannot be validated: no output schema available ($.output.y)
{"outcome":"success","result":{"name":"world","x":2,"y":8}}
----- stderr -----
run_id: [ID]
