---
source: crates/stepflow-cli/tests/commands/test_submit.rs
info:
  program: stepflow
  args:
    - "--log-file=/dev/null"
    - "--omit-stack-trace"
    - submit
    - "--url=http://localhost:9999"
    - "--flow=tests/mock/basic.yaml"
    - "--input-json={\"m\": 1, \"n\": 2}"
  env:
    STEPFLOW_LOG_DESTINATION: ""
    STEPFLOW_LOG_FILE: ""
    STEPFLOW_LOG_FORMAT: ""
    STEPFLOW_LOG_LEVEL: ""
    STEPFLOW_OTHER_LOG_LEVEL: ""
    STEPFLOW_OTLP_ENDPOINT: ""
    STEPFLOW_TRACE_ENABLED: ""
---
success: false
exit_code: 1
----- stdout -----

----- stderr -----
Configuration error
