---
source: crates/stepflow-main/tests/commands/test_run.rs
info:
  program: stepflow
  args:
    - "--log-file=/dev/null"
    - "--omit-stack-trace"
    - run
    - "--help"
---
success: true
exit_code: 0
----- stdout -----
Run a workflow directly.

Execute a workflow directly and return the result.

# Examples

```bash

# Run with input file

stepflow run --flow=examples/basic/workflow.yaml --input=examples/basic/input1.json

# Run with inline JSON input

stepflow run --flow=workflow.yaml --input-json='{"m": 3, "n": 4}'

# Run with inline YAML input

stepflow run --flow=workflow.yaml --input-yaml='m: 2\nn: 7'

# Run with stdin input

echo '{"m": 1, "n": 2}' | stepflow run --flow=workflow.yaml --stdin-format=json

# Run with custom config and output to file

stepflow run --flow=workflow.yaml --input=input.json --config=my-config.yml --output=result.json

```

Usage: stepflow run [OPTIONS] --flow <FILE>

Options:
      --flow <FILE>
          Path to the workflow file to execute

      --log-level <LEVEL>
          Set the log level for Stepflow
          
          [default: info]
          [possible values: trace, debug, info, warn, error]

      --config <FILE>
          The path to the stepflow config file.
          
          If not specified, will look for `stepflow-config.yml` in the directory containing the workflow file. If that isn't found, will also look in the current directory.

      --other-log-level <LEVEL>
          Set the log level for other parts of Stepflow
          
          [default: warn]
          [possible values: trace, debug, info, warn, error]

      --input <FILE>
          The path to the input file to execute the workflow with.
          
          Should be JSON or YAML. Format is inferred from file extension.

      --log-file <FILE>
          Write logs to a file instead of stderr

      --input-json <JSON>
          The input value as a JSON string

      --omit-stack-trace
          Omit stack traces (line numbers of errors)

      --input-yaml <YAML>
          The input value as a YAML string

      --stdin-format <FORMAT>
          The format for stdin input (json or yaml).
          
          Only used when reading from stdin (no other input options specified).
          
          [default: json]
          [possible values: json, yaml]

      --output <FILE>
          Path to write the output to.
          
          If not set, will write to stdout.

  -h, --help
          Print help (see a summary with '-h')

----- stderr -----
