---
source: crates/stepflow-main/tests/commands/test_test.rs
info:
  program: stepflow
  args:
    - "--log-file=/dev/null"
    - "--omit-stack-trace"
    - test
    - tests/basic.yaml
---
success: true
exit_code: 0
----- stdout -----
----------
Running Test Case simple_echo
----------
Running Test Case different_message
tests/basic.yaml: 2/2 passed
tests/basic.yaml: 2/2 passed

=== Test Summary ===
Files tested: 1
Total test cases: 2
Passed: 2
Failed: 0

----- stderr -----
