---
source: crates/stepflow-cli/tests/commands/test_test.rs
info:
  program: stepflow
  args:
    - "--log-file=/dev/null"
    - "--omit-stack-trace"
    - test
    - tests/mock
  env:
    STEPFLOW_LOG_DESTINATION: ""
    STEPFLOW_LOG_FILE: ""
    STEPFLOW_LOG_FORMAT: ""
    STEPFLOW_LOG_LEVEL: ""
    STEPFLOW_OTHER_LOG_LEVEL: ""
    STEPFLOW_OTLP_ENDPOINT: ""
    STEPFLOW_TRACE_ENABLED: ""
---
success: true
exit_code: 0
----- stdout -----
----------
Running 3 test cases in batch mode (max_concurrency=10)
tests/mock/basic.yaml: 3/3 passed
----------
Running 2 test cases in batch mode (max_concurrency=10)
tests/mock/error_fail.yaml: 2/2 passed
----------
Running 2 test cases in batch mode (max_concurrency=10)
tests/mock/error_use_default.yaml: 2/2 passed
----------
Running 2 test cases in batch mode (max_concurrency=10)
tests/mock/error_use_default_value.yaml: 2/2 passed
----------
Running 2 test cases in batch mode (max_concurrency=10)
tests/mock/lazy_evaluation.yaml: 2/2 passed
tests/mock/stepflow-config.yml: Skipped (invalid or non-flow file)
tests/mock/basic.yaml: 3/3 passed
tests/mock/error_fail.yaml: 2/2 passed
tests/mock/error_use_default.yaml: 2/2 passed
tests/mock/error_use_default_value.yaml: 2/2 passed
tests/mock/lazy_evaluation.yaml: 2/2 passed

=== Test Summary ===
Files tested: 5
Total test cases: 11
Passed: 11
Failed: 0

----- stderr -----
