---
source: crates/stepflow-cli/tests/commands/test_run.rs
assertion_line: 27
info:
  program: stepflow
  args:
    - "--log-file=/dev/null"
    - "--omit-stack-trace"
    - run
    - "--help"
  env:
    STEPFLOW_LOG_DESTINATION: ""
    STEPFLOW_LOG_FILE: ""
    STEPFLOW_LOG_FORMAT: ""
    STEPFLOW_LOG_LEVEL: ""
    STEPFLOW_OTHER_LOG_LEVEL: ""
    STEPFLOW_OTLP_ENDPOINT: ""
    STEPFLOW_TRACE_ENABLED: ""
---
success: true
exit_code: 0
----- stdout -----
Run a workflow directly.

Execute a workflow directly and return the result.

# Examples

```bash

# Run with input file

stepflow run --flow=examples/basic/workflow.yaml --input=examples/basic/input1.json

# Run with inline JSON input

stepflow run --flow=workflow.yaml --input-json='{"m": 3, "n": 4}'

# Run with inline YAML input

stepflow run --flow=workflow.yaml --input-yaml='m: 2\nn: 7'

# Run with stdin input

echo '{"m": 1, "n": 2}' | stepflow run --flow=workflow.yaml --stdin-format=json

# Run with custom config and output to file

stepflow run --flow=workflow.yaml --input=input.json --config=my-config.yml --output=result.json

# Run batch with multiple inputs from JSONL file

stepflow run --flow=workflow.yaml --inputs=inputs.jsonl --output=results.jsonl

# Run batch with limited concurrency

stepflow run --flow=workflow.yaml --inputs=inputs.jsonl --max-concurrent=5

```

Usage: stepflow run [OPTIONS] --flow <FILE>

Options:
      --flow <FILE>
          Path to the workflow file to execute

      --config <FILE>
          The path to the stepflow config file.
          
          If not specified, will look for `stepflow-config.yml` in the directory containing the workflow file. If that isn't found, will also look in the current directory.

      --input <FILE>
          The path to the input file to execute the workflow with.
          
          Should be JSON or YAML. Format is inferred from file extension.

      --input-json <JSON>
          The input value as a JSON string

      --input-yaml <YAML>
          The input value as a YAML string

      --stdin-format <FORMAT>
          The format for stdin input (json or yaml).
          
          Only used when reading from stdin (no other input options specified).
          
          [default: json]
          [possible values: json, yaml]

      --inputs <FILE>
          Path to JSONL file containing multiple inputs (one JSON object per line).
          
          When specified, the workflow is executed once per line in the file. Results are written in JSONL format (one result per line).

      --max-concurrency <N>
          Maximum number of concurrent executions (only used with --inputs).
          
          Defaults to number of inputs if not specified.

      --omit-stack-trace
          Omit stack traces (line numbers of errors)

      --variables <FILE>
          The path to the variables file.
          
          Should be JSON or YAML. Format is inferred from file extension.

      --variables-json <JSON>
          The variables as a JSON string

      --variables-yaml <YAML>
          The variables as a YAML string

      --env-variables
          Enable environment variable fallback for missing variables.
          
          When enabled, missing variables will be looked up from environment variables using the pattern `STEPFLOW_VAR_<VARIABLE_NAME>`.

      --overrides <FILE>
          Path to a file containing workflow overrides (JSON or YAML format).
          
          Overrides allow you to modify step properties at runtime without changing the original workflow file. Format is inferred from file extension.

      --overrides-json <JSON>
          Workflow overrides as a JSON string.
          
          Specify overrides inline as JSON. Example: `--overrides-json '{"step1": {"value": {"input": {"temperature": 0.8}}}}'`

      --overrides-yaml <YAML>
          Workflow overrides as a YAML string.
          
          Specify overrides inline as YAML. Example: `--overrides-yaml 'step1: {value: {input: {temperature: 0.8}}}'`

      --output <FILE>
          Path to write the output to.
          
          If not set, will write to stdout.

  -h, --help
          Print help (see a summary with '-h')

----- stderr -----
