---
source: crates/stepflow-cli/tests/commands/test_visualize.rs
info:
  program: stepflow
  args:
    - "--log-file=/dev/null"
    - "--omit-stack-trace"
    - visualize
    - tests/mock/basic.yaml
    - "--format=dot"
  env:
    STEPFLOW_LOG_DESTINATION: ""
    STEPFLOW_LOG_FILE: ""
    STEPFLOW_LOG_FORMAT: ""
    STEPFLOW_LOG_LEVEL: ""
    STEPFLOW_OTHER_LOG_LEVEL: ""
    STEPFLOW_OTLP_ENDPOINT: ""
    STEPFLOW_TRACE_ENABLED: ""
---
success: true
exit_code: 0
----- stdout -----
digraph workflow {
  rankdir=TB;
  node [shape=box, style=filled];
  edge [fontsize=10];

  "workflow_input" [
    label="📥 Workflow Input",
    fillcolor="lightblue",
    shape=ellipse,
    tooltip="Workflow: Unnamed\\nInput Schema: Available",
  ];

  "step1" [
    label="🔧 step1\n📦 /mock/one_output\n🖥️ mock",
    fillcolor="lightcoral",
    tooltip="Step: step1\\nComponent: /mock/one_output",
  ];
  "step2" [
    label="🔧 step2\n📦 /mock/two_outputs\n🖥️ mock",
    fillcolor="lightcoral",
    tooltip="Step: step2\\nComponent: /mock/two_outputs",
  ];
  "workflow_output" [
    label="📤 Workflow Output",
    fillcolor="lightgreen",
    shape=ellipse,
    tooltip="Workflow: Unnamed\\nOutput Schema: Available",
  ];

  "workflow_input" -> "step1" [
    label="input",
  ];
  "step1" -> "step2" [
    label="input",
  ];
  "step1" -> "workflow_output" [
    label="name",
  ];
  "step2" -> "workflow_output" [
    label="x",
  ];
  "step2" -> "workflow_output" [
    label="y",
  ];
}


----- stderr -----
