---
source: crates/stepflow-main/tests/commands/test_validate.rs
info:
  program: stepflow
  args:
    - "--log-file=/dev/null"
    - "--omit-stack-trace"
    - validate
    - "--flow=nonexistent.yaml"
---
success: false
exit_code: 1
----- stdout -----

----- stderr -----
Missing file: nonexistent.yaml
