---
source: crates/stepflow-compiler/tests/snapshot.rs
expression: compiled
input_file: crates/stepflow-compiler/tests/valid/basic.yaml
---
steps:
  - id: s1
    component: "mock://two_outputs"
    args:
      foo:
        literal: hello
      bar:
        literal: 42
    execution:
      outputs:
        - name: a
          uses: 2
          value_ref:
            step_index: 0
            output_index: 0
        - name: b
          uses: 1
          value_ref:
            step_index: 0
            output_index: 1
      always_execute: false
  - id: s2
    component: "mock://one_output"
    args:
      a:
        step: s1
        output: a
        value_ref:
          step_index: 0
          output_index: 0
      b:
        step: s1
        output: b
        value_ref:
          step_index: 0
          output_index: 1
      c:
        literal: 5
    execution:
      outputs:
        - name: output
          uses: 1
          value_ref:
            step_index: 1
            output_index: 0
      always_execute: false
outputs:
  - name: out1
    value:
      step: s1
      output: a
      value_ref:
        step_index: 0
        output_index: 0
  - name: out2
    value:
      step: s2
      output: output
      value_ref:
        step_index: 1
        output_index: 0
  - name: outLiteral
    value:
      literal: 5
