---
source: crates/stepflow-compiler/tests/snapshot.rs
expression: compiled
input_file: crates/stepflow-compiler/tests/valid/basic.yaml
---
input_schema:
  object:
    properties:
      in1:
        type: number
      in2:
        type: string
steps:
  - id: s1
    component: "mock://two_outputs"
    args:
      foo:
        input: in1
      bar:
        literal: 42
  - id: s2
    component: "mock://one_output"
    args:
      a:
        step: s1
        field: ~
      b:
        step: s1
        field: ~
      c:
        literal: 5
outputs:
  out1:
    step: s1
    field: ~
  out2:
    step: s1
    field: ~
  outLiteral:
    literal: 5
